<?xml version="1.0" encoding="UTF-8"?><rss xmlns:dc="http://purl.org/dc/elements/1.1/" xmlns:content="http://purl.org/rss/1.0/modules/content/" xmlns:atom="http://www.w3.org/2005/Atom" version="2.0">
    <channel>
        <title><![CDATA[title]]></title>
        <description><![CDATA[description]]></description>
        <link>http://example.com</link>
        <generator>RSS for Node</generator>
        <lastBuildDate>Wed, 10 Dec 2014 19:04:57 GMT</lastBuildDate>
        <atom:link href="http://example.com/rss.xml" rel="self" type="application/rss+xml"/>
        <atom:link href="http://example.com/hub" rel="hub"/>
        <item>
            <title><![CDATA[item 1]]></title>
            <content:encoded><![CDATA[<p>Some <b>HTML</b> content</p>]]></content:encoded>
            <link>http://example.com/article1</link>
            <guid isPermaLink="true">http://example.com/article1</guid>
            <pubDate>Thu, 24 May 2012 04:00:00 GMT</pubDate>
        </item>
    </channel>
</rss>